Command: C:\Users\HP\.espressif\python_env\idf5.5_py3.11_env\Scripts\python.exe C:\Users\HP\esp\v5.5.1\esp-idf\tools/idf_monitor.py -p COM5 -b 115200 --toolchain-prefix xtensa-esp32-elf- --target esp32 --revision 0 C:\Users\HP\Documents\APPLICATIONSOFMICROCONTROLLERS\Week-11-Microcontroller-applications\Week-11-Microcontroller-applications\testADC\build\testADC.elf C:\Users\HP\Documents\APPLICATIONSOFMICROCONTROLLERS\Week-11-Microcontroller-applications\Week-11-Microcontroller-applications\testADC\build\bootloader\bootloader.elf --force-color -m 'C:\Users\HP\.espressif\python_env\idf5.5_py3.11_env\Scripts\python.exe' 'C:\Users\HP\esp\v5.5.1\esp-idf\tools\idf.py' '-p' 'COM5'
PI_FAST_FLASH_BOOT)
configsip: 0, SPIWP:0xee
clk_drv:0x00,qÔøΩets Jul 29 2019 12:21:46

rst:0x1 (POWERON_RESET),boot:0x13 (SPI_FAST_FLASH_BOOT)
configsip: 0, SPIWP:0xee
clk_drv:0x00,q_drv:0x00,d_drv:0x00,cs0_drv:0x00,hd_drv:0x00,wp_drv:0x00
mode:DIO, clock div:2
load:0x3fff0030,len:6380
ho 0 tail 12 room 4
load:0x40078000,len:15916
load:0x40080400,len:3860
entry 0x40080638
[0;32mI (29) boot: ESP-IDF v5.5.1 2nd stage bootloader[0m
[0;32mI (29) boot: compile time Sep 24 2025 11:03:11[0m
[0;32mI (29) boot: Multicore bootloader[0m
[0;32mI (31) boot: chip revision: v3.1[0m
[0;32mI (33) boot.esp32: SPI Speed      : 40MHz[0m
[0;32mI (37) boot.esp32: SPI Mode       : DIO[0m
[0;32mI (41) boot.esp32: SPI Flash Size : 2MB[0m
[0;32mI (44) boot: Enabling RNG early entropy source...[0m
[0;32mI (49) boot: Partition Table:[0m
[0;32mI (51) boot: ## Label            Usage          Type ST Offset   Length[0m
[0;32mI (58) boot:  0 nvs              WiFi data        01 02 00009000 00006000[0m
[0;32mI (64) boot:  1 phy_init         RF data          01 01 0000f000 00001000[0m
[0;32mI (71) boot:  2 factory          factory app      00 00 00010000 00100000[0m
[0;32mI (77) boot: End of partition table[0m
[0;32mI (81) esp_image: segment 0: paddr=00010020 vaddr=3f400020 size=0a71ch ( 42780) map[0m
[0;32mI (103) esp_image: segment 1: paddr=0001a744 vaddr=3ffb0000 size=023f8h (  9208) load[0m
[0;32mI (106) esp_image: segment 2: paddr=0001cb44 vaddr=40080000 size=034d4h ( 13524) load[0m
[0;32mI (112) esp_image: segment 3: paddr=00020020 vaddr=400d0020 size=14e60h ( 85600) map[0m
[0;32mI (143) esp_image: segment 4: paddr=00034e88 vaddr=400834d4 size=09adch ( 39644) load[0m
[0;32mI (159) esp_image: segment 5: paddr=0003e96c vaddr=50000000 size=00020h (    32) load[0m
[0;32mI (166) boot: Loaded app from partition at offset 0x10000[0m
[0;32mI (166) boot: Disabling RNG early entropy source...[0m
[0;32mI (177) cpu_start: Multicore app[0m
[0;32mI (185) cpu_start: Pro cpu start user code[0m
[0;32mI (186) cpu_start: cpu freq: 160000000 Hz[0m
[0;32mI (186) app_init: Application information:[0m
[0;32mI (186) app_init: Project name:     testADC[0m
[0;32mI (190) app_init: App version:      5a0da61-dirty[0m
[0;32mI (194) app_init: Compile time:     Sep 24 2025 11:02:31[0m
[0;32mI (199) app_init: ELF file SHA256:  5c53cf396...[0m
[0;32mI (203) app_init: ESP-IDF:          v5.5.1[0m
[0;32mI (207) efuse_init: Min chip rev:     v0.0[0m
[0;32mI (211) efuse_init: Max chip rev:     v3.99 [0m
[0;32mI (215) efuse_init: Chip rev:         v3.1[0m
[0;32mI (219) heap_init: Initializing. RAM available for dynamic allocation:[0m
[0;32mI (225) heap_init: At 3FFAE6E0 len 00001920 (6 KiB): DRAM[0m
[0;32mI (230) heap_init: At 3FFB2D00 len 0002D300 (180 KiB): DRAM[0m
[0;32mI (235) heap_init: At 3FFE0440 len 00003AE0 (14 KiB): D/IRAM[0m
[0;32mI (241) heap_init: At 3FFE4350 len 0001BCB0 (111 KiB): D/IRAM[0m
[0;32mI (246) heap_init: At 4008CFB0 len 00013050 (76 KiB): IRAM[0m
[0;32mI (253) spi_flash: detected chip: generic[0m
[0;32mI (255) spi_flash: flash io: dio[0m
[0;33mW (258) spi_flash: Detected size(4096k) larger than the size in the binary image header(2048k). Using the size in the binary image header.[0m
[0;33mW (270) ADC: legacy driver is deprecated, please migrate to `esp_adc/adc_oneshot.h`[0m
[0;32mI (278) main_task: Started on CPU0[0m
[0;32mI (288) main_task: Calling app_main()[0m
[0;32mI (288) ADC_ENHANCED: eFuse Two Point: ‡πÑ‡∏°‡πà‡∏£‡∏≠‡∏á‡∏£‡∏±‡∏ö[0m
[0;32mI (288) ADC_ENHANCED: eFuse Vref: ‡∏£‡∏≠‡∏á‡∏£‡∏±‡∏ö[0m
[0;32mI (288) ADC_ENHANCED: ‡πÉ‡∏ä‡πâ‡∏Å‡∏≤‡∏£‡∏õ‡∏£‡∏±‡∏ö‡πÄ‡∏ó‡∏µ‡∏¢‡∏ö‡πÅ‡∏ö‡∏ö eFuse Vref[0m
[0;32mI (298) ADC_ENHANCED: ‡∏ó‡∏î‡∏™‡∏≠‡∏ö‡∏Å‡∏≤‡∏£‡∏õ‡∏£‡∏±‡∏ö‡∏õ‡∏£‡∏∏‡∏á‡∏Ñ‡∏ß‡∏≤‡∏°‡πÅ‡∏°‡πà‡∏ô‡∏¢‡∏≥ ADC[0m
[0;32mI (308) ADC_ENHANCED: ‡πÄ‡∏ó‡∏Ñ‡∏ô‡∏¥‡∏Ñ: Oversampling + Moving Average Filter[0m
[0;32mI (318) ADC_ENHANCED: Pin: GPIO34 (ADC1_CH6)[0m
[0;32mI (318) ADC_ENHANCED: Oversamples: 100, Filter Size: 10[0m
[0;32mI (318) ADC_ENHANCED: ----------------------------------------[0m
[0;32mI (338) ADC_ENHANCED: === ‡∏Å‡∏≤‡∏£‡πÄ‡∏õ‡∏£‡∏µ‡∏¢‡∏ö‡πÄ‡∏ó‡∏µ‡∏¢‡∏ö ===[0m
[0;32mI (338) ADC_ENHANCED: Raw ADC: 511 (0.551V)[0m
[0;32mI (338) ADC_ENHANCED: Oversampled: 550.4 (0.582V)[0m
[0;32mI (338) ADC_ENHANCED: Filtered: 550.4 (0.582V)[0m
[0;32mI (348) ADC_ENHANCED: [0m
[0;32mI (2348) ADC_ENHANCED: === ‡∏Å‡∏≤‡∏£‡πÄ‡∏õ‡∏£‡∏µ‡∏¢‡∏ö‡πÄ‡∏ó‡∏µ‡∏¢‡∏ö ===[0m
[0;32mI (2348) ADC_ENHANCED: Raw ADC: 553 (0.585V)[0m
[0;32mI (2348) ADC_ENHANCED: Oversampled: 520.4 (0.558V)[0m
[0;32mI (2358) ADC_ENHANCED: Filtered: 547.4 (0.580V)[0m
[0;32mI (2358) ADC_ENHANCED: [0m
[0;32mI (4358) ADC_ENHANCED: === ‡∏Å‡∏≤‡∏£‡πÄ‡∏õ‡∏£‡∏µ‡∏¢‡∏ö‡πÄ‡∏ó‡∏µ‡∏¢‡∏ö ===[0m
[0;32mI (4358) ADC_ENHANCED: Raw ADC: 545 (0.578V)[0m
[0;32mI (4358) ADC_ENHANCED: Oversampled: 523.3 (0.561V)[0m
[0;32mI (4368) ADC_ENHANCED: Filtered: 544.7 (0.577V)[0m
[0;32mI (4368) ADC_ENHANCED: [0m
[0;32mI (6368) ADC_ENHANCED: === ‡∏Å‡∏≤‡∏£‡πÄ‡∏õ‡∏£‡∏µ‡∏¢‡∏ö‡πÄ‡∏ó‡∏µ‡∏¢‡∏ö ===[0m
[0;32mI (6368) ADC_ENHANCED: Raw ADC: 528 (0.565V)[0m
[0;32mI (6368) ADC_ENHANCED: Oversampled: 521.5 (0.559V)[0m
[0;32mI (6378) ADC_ENHANCED: Filtered: 541.8 (0.575V)[0m
[0;32mI (6378) ADC_ENHANCED: [0m
[0;32mI (8378) ADC_ENHANCED: === ‡∏Å‡∏≤‡∏£‡πÄ‡∏õ‡∏£‡∏µ‡∏¢‡∏ö‡πÄ‡∏ó‡∏µ‡∏¢‡∏ö ===[0m
[0;32mI (8378) ADC_ENHANCED: Raw ADC: 523 (0.561V)[0m
[0;32mI (8378) ADC_ENHANCED: Oversampled: 532.0 (0.568V)[0m
[0;32mI (8388) ADC_ENHANCED: Filtered: 540.0 (0.573V)[0m
[0;32mI (8388) ADC_ENHANCED: [0m
[0;32mI (10388) ADC_ENHANCED: === ‡∏Å‡∏≤‡∏£‡πÄ‡∏õ‡∏£‡∏µ‡∏¢‡∏ö‡πÄ‡∏ó‡∏µ‡∏¢‡∏ö ===[0m
[0;32mI (10388) ADC_ENHANCED: Raw ADC: 506 (0.547V)[0m
[0;32mI (10388) ADC_ENHANCED: Oversampled: 528.5 (0.565V)[0m
[0;32mI (10398) ADC_ENHANCED: Filtered: 537.8 (0.572V)[0m
[0;32mI (10398) ADC_ENHANCED: [0m
[0;32mI (12398) ADC_ENHANCED: === ‡∏Å‡∏≤‡∏£‡πÄ‡∏õ‡∏£‡∏µ‡∏¢‡∏ö‡πÄ‡∏ó‡∏µ‡∏¢‡∏ö ===[0m
[0;32mI (12398) ADC_ENHANCED: Raw ADC: 499 (0.541V)[0m
[0;32mI (12398) ADC_ENHANCED: Oversampled: 537.6 (0.572V)[0m
[0;32mI (12408) ADC_ENHANCED: Filtered: 536.5 (0.571V)[0m
[0;32mI (12408) ADC_ENHANCED: [0m
[0;32mI (14408) ADC_ENHANCED: === ‡∏Å‡∏≤‡∏£‡πÄ‡∏õ‡∏£‡∏µ‡∏¢‡∏ö‡πÄ‡∏ó‡∏µ‡∏¢‡∏ö ===[0m
[0;32mI (14408) ADC_ENHANCED: Raw ADC: 506 (0.547V)[0m
[0;32mI (14408) ADC_ENHANCED: Oversampled: 542.5 (0.576V)[0m
[0;32mI (14418) ADC_ENHANCED: Filtered: 535.7 (0.570V)[0m
[0;32mI (14418) ADC_ENHANCED: [0m
[0;32mI (16418) ADC_ENHANCED: === ‡∏Å‡∏≤‡∏£‡πÄ‡∏õ‡∏£‡∏µ‡∏¢‡∏ö‡πÄ‡∏ó‡∏µ‡∏¢‡∏ö ===[0m
[0;32mI (16418) ADC_ENHANCED: Raw ADC: 532 (0.568V)[0m
[0;32mI (16418) ADC_ENHANCED: Oversampled: 551.8 (0.583V)[0m
[0;32mI (16428) ADC_ENHANCED: Filtered: 535.8 (0.570V)[0m
[0;32mI (16428) ADC_ENHANCED: [0m
[0;32mI (18428) ADC_ENHANCED: === ‡∏Å‡∏≤‡∏£‡πÄ‡∏õ‡∏£‡∏µ‡∏¢‡∏ö‡πÄ‡∏ó‡∏µ‡∏¢‡∏ö ===[0m
[0;32mI (18428) ADC_ENHANCED: Raw ADC: 549 (0.581V)[0m
[0;32mI (18428) ADC_ENHANCED: Oversampled: 547.8 (0.580V)[0m
[0;32mI (18438) ADC_ENHANCED: Filtered: 535.6 (0.570V)[0m
[0;32mI (18438) ADC_ENHANCED: [0m
[0;32mI (20438) ADC_ENHANCED: === ‡∏Å‡∏≤‡∏£‡πÄ‡∏õ‡∏£‡∏µ‡∏¢‡∏ö‡πÄ‡∏ó‡∏µ‡∏¢‡∏ö ===[0m
[0;32mI (20438) ADC_ENHANCED: Raw ADC: 560 (0.590V)[0m
[0;32mI (20438) ADC_ENHANCED: Oversampled: 532.5 (0.568V)[0m
[0;32mI (20448) ADC_ENHANCED: Filtered: 533.8 (0.569V)[0m
[0;32mI (20448) ADC_ENHANCED: [0m
[0;32mI (22448) ADC_ENHANCED: === ‡∏Å‡∏≤‡∏£‡πÄ‡∏õ‡∏£‡∏µ‡∏¢‡∏ö‡πÄ‡∏ó‡∏µ‡∏¢‡∏ö ===[0m
[0;32mI (22448) ADC_ENHANCED: Raw ADC: 560 (0.590V)[0m
[0;32mI (22448) ADC_ENHANCED: Oversampled: 524.3 (0.561V)[0m
[0;32mI (22458) ADC_ENHANCED: Filtered: 534.2 (0.569V)[0m
[0;32mI (22458) ADC_ENHANCED: [0m
[0;32mI (24458) ADC_ENHANCED: === ‡∏Å‡∏≤‡∏£‡πÄ‡∏õ‡∏£‡∏µ‡∏¢‡∏ö‡πÄ‡∏ó‡∏µ‡∏¢‡∏ö ===[0m
[0;32mI (24458) ADC_ENHANCED: Raw ADC: 541 (0.575V)[0m
[0;32mI (24458) ADC_ENHANCED: Oversampled: 518.2 (0.557V)[0m
[0;32mI (24468) ADC_ENHANCED: Filtered: 533.7 (0.569V)[0m
[0;32mI (24468) ADC_ENHANCED: [0m
[0;32mI (26468) ADC_ENHANCED: === ‡∏Å‡∏≤‡∏£‡πÄ‡∏õ‡∏£‡∏µ‡∏¢‡∏ö‡πÄ‡∏ó‡∏µ‡∏¢‡∏ö ===[0m
[0;32mI (26468) ADC_ENHANCED: Raw ADC: 432 (0.488V)[0m
[0;32mI (26468) ADC_ENHANCED: Oversampled: 453.2 (0.505V)[0m
[0;32mI (26478) ADC_ENHANCED: Filtered: 526.9 (0.563V)[0m
[0;32mI (26478) ADC_ENHANCED: [0m
